// Jest Snapshot v1, https://goo.gl/fbAQLP

exports[`With Snapshot Testing Matches Snapshot 1`] = `
<footer>
  <p>
    Copyright Â© Bookshop 2018
  </p>
</footer>
`;
