// Jest Snapshot v1, https://goo.gl/fbAQLP

exports[`With Snapshot Testing App shows "Welcome to Bookshop" 1`] = `
<div
  className="jsx-692796799"
>
  <main
    className="jsx-692796799"
  >
    <div
      className="jsx-3246231511 hero"
    >
      <h1
        className="jsx-3246231511 title"
      >
        Welcome to Bookshop
      </h1>
    </div>
  </main>
  <footer
    className="jsx-3218118659"
  >
    <p
      className="jsx-3218118659"
    >
      Copyright Â© Bookshop 2018
    </p>
  </footer>
</div>
`;
